// Jest Snapshot v1, https://goo.gl/fbAQLP

exports[`AssetPreview renders correctly 1`] = `
<View
  style={
    Object {
      "backgroundColor": "#E6DAB6",
      "flexDirection": "row",
    }
  }
>
  <View
    style={
      Object {
        "color": "#000",
        "flex": 1,
        "justifyContent": "center",
        "padding": 20,
      }
    }
  >
    <Text
      style={
        Object {
          "color": "#000",
        }
      }
    >
      <Text
        style={
          Object {
            "color": "#000",
            "fontWeight": "bold",
          }
        }
      >
        ARCore ID: 
      </Text>
    </Text>
    <Text
      style={
        Object {
          "color": "#000",
        }
      }
    >
      <Text
        style={
          Object {
            "color": "#000",
            "fontWeight": "bold",
          }
        }
      >
        Name: 
      </Text>
    </Text>
    <Text
      style={
        Object {
          "color": "#000",
        }
      }
    >
      <Text
        style={
          Object {
            "color": "#000",
            "fontWeight": "bold",
          }
        }
      >
        Owner: 
      </Text>
    </Text>
    <Text
      style={
        Object {
          "color": "#000",
        }
      }
    >
      <Text
        style={
          Object {
            "color": "#000",
            "fontWeight": "bold",
          }
        }
      >
        Description: 
      </Text>
    </Text>
  </View>
</View>
`;
